#-----------------------------------------------------------
# Vivado v2019.1 (64-bit)
# SW Build 2552052 on Fri May 24 14:49:42 MDT 2019
# IP Build 2548770 on Fri May 24 18:01:18 MDT 2019
# Start of session at: Thu Nov  7 10:20:03 2019
# Process ID: 26640
# Current directory: C:/Users/Julian/Documents/Work/CSE 100/Lab 5/Lab 5
# Command line: vivado.exe -gui_launcher_event rodinguilauncherevent35492 C:\Users\Julian\Documents\Work\CSE 100\Lab 5\Lab 5\Lab 5.xpr
# Log file: C:/Users/Julian/Documents/Work/CSE 100/Lab 5/Lab 5/vivado.log
# Journal file: C:/Users/Julian/Documents/Work/CSE 100/Lab 5/Lab 5\vivado.jou
#-----------------------------------------------------------
start_gui
open_project {C:/Users/Julian/Documents/Work/CSE 100/Lab 5/Lab 5/Lab 5.xpr}
update_compile_order -fileset sources_1
launch_runs impl_1 -to_step write_bitstream
wait_on_run impl_1
reset_run synth_1
launch_runs impl_1 -to_step write_bitstream
wait_on_run impl_1
open_hw
connect_hw_server
open_hw_target
set_property PROGRAM.FILE {C:/Users/Julian/Documents/Work/CSE 100/Lab 5/Lab 5/Lab 5.runs/impl_1/toppo.bit} [get_hw_devices xc7a35t_0]
current_hw_device [get_hw_devices xc7a35t_0]
refresh_hw_device -update_hw_probes false [lindex [get_hw_devices xc7a35t_0] 0]
set_property PROBES.FILE {} [get_hw_devices xc7a35t_0]
set_property FULL_PROBES.FILE {} [get_hw_devices xc7a35t_0]
set_property PROGRAM.FILE {C:/Users/Julian/Documents/Work/CSE 100/Lab 5/Lab 5/Lab 5.runs/impl_1/toppo.bit} [get_hw_devices xc7a35t_0]
program_hw_devices [get_hw_devices xc7a35t_0]
refresh_hw_device [lindex [get_hw_devices xc7a35t_0] 0]
reset_run synth_1
launch_runs impl_1 -to_step write_bitstream
wait_on_run impl_1
set_property PROBES.FILE {} [get_hw_devices xc7a35t_0]
set_property FULL_PROBES.FILE {} [get_hw_devices xc7a35t_0]
set_property PROGRAM.FILE {C:/Users/Julian/Documents/Work/CSE 100/Lab 5/Lab 5/Lab 5.runs/impl_1/toppo.bit} [get_hw_devices xc7a35t_0]
program_hw_devices [get_hw_devices xc7a35t_0]
refresh_hw_device [lindex [get_hw_devices xc7a35t_0] 0]
reset_run synth_1
launch_runs impl_1 -to_step write_bitstream
wait_on_run impl_1
reset_run synth_1
launch_runs impl_1 -to_step write_bitstream
wait_on_run impl_1
set_property PROBES.FILE {} [get_hw_devices xc7a35t_0]
set_property FULL_PROBES.FILE {} [get_hw_devices xc7a35t_0]
set_property PROGRAM.FILE {C:/Users/Julian/Documents/Work/CSE 100/Lab 5/Lab 5/Lab 5.runs/impl_1/toppo.bit} [get_hw_devices xc7a35t_0]
program_hw_devices [get_hw_devices xc7a35t_0]
refresh_hw_device [lindex [get_hw_devices xc7a35t_0] 0]
disconnect_hw_server localhost:3121
connect_hw_server
disconnect_hw_server localhost:3121
connect_hw_server
open_hw_target
set_property PROGRAM.FILE {C:/Users/Julian/Documents/Work/CSE 100/Lab 5/Lab 5/Lab 5.runs/impl_1/toppo.bit} [get_hw_devices xc7a35t_0]
current_hw_device [get_hw_devices xc7a35t_0]
refresh_hw_device -update_hw_probes false [lindex [get_hw_devices xc7a35t_0] 0]
set_property PROBES.FILE {} [get_hw_devices xc7a35t_0]
set_property FULL_PROBES.FILE {} [get_hw_devices xc7a35t_0]
set_property PROGRAM.FILE {C:/Users/Julian/Documents/Work/CSE 100/Lab 5/Lab 5/Lab 5.runs/impl_1/toppo.bit} [get_hw_devices xc7a35t_0]
program_hw_devices [get_hw_devices xc7a35t_0]
refresh_hw_device [lindex [get_hw_devices xc7a35t_0] 0]
set_property PROBES.FILE {} [get_hw_devices xc7a35t_0]
set_property FULL_PROBES.FILE {} [get_hw_devices xc7a35t_0]
set_property PROGRAM.FILE {C:/Users/Julian/Documents/Work/CSE 100/Lab 5/Lab 5/Lab 5.runs/impl_1/toppo.bit} [get_hw_devices xc7a35t_0]
program_hw_devices [get_hw_devices xc7a35t_0]
refresh_hw_device [lindex [get_hw_devices xc7a35t_0] 0]
reset_run synth_1
launch_runs impl_1 -to_step write_bitstream
wait_on_run impl_1
archive_project {C:/Users/Julian/Documents/Work/CSE 100/Lab 5/Lab 5.xpr.zip} -temp_dir {C:/Users/Julian/Documents/Work/CSE 100/Lab 5/Lab 5/.Xil/Vivado-26640-JULIAN-SURFACE} -force -include_local_ip_cache
close_hw
