#-----------------------------------------------------------
# Vivado v2019.1 (64-bit)
# SW Build 2552052 on Fri May 24 14:49:42 MDT 2019
# IP Build 2548770 on Fri May 24 18:01:18 MDT 2019
# Start of session at: Thu Oct 31 11:54:19 2019
# Process ID: 15340
# Current directory: C:/Users/Julian/Documents/Work/CSE 100/Lab 4/Lab 4
# Command line: vivado.exe -gui_launcher_event rodinguilauncherevent25696 C:\Users\Julian\Documents\Work\CSE 100\Lab 4\Lab 4\Lab 4.xpr
# Log file: C:/Users/Julian/Documents/Work/CSE 100/Lab 4/Lab 4/vivado.log
# Journal file: C:/Users/Julian/Documents/Work/CSE 100/Lab 4/Lab 4\vivado.jou
#-----------------------------------------------------------
start_gui
open_project {C:/Users/Julian/Documents/Work/CSE 100/Lab 4/Lab 4/Lab 4.xpr}
update_compile_order -fileset sources_1
launch_simulation
launch_simulation
open_hw
launch_simulation
launch_simulation
# Disabling source management mode.  This is to allow the top design properties to be set without GUI intervention.
set_property source_mgmt_mode None [current_project]
set_property top testTC [get_filesets sim_1]
set_property top_lib xil_defaultlib [get_filesets sim_1]
# Re-enabling previously disabled source management mode.
set_property source_mgmt_mode All [current_project]
update_compile_order -fileset sim_1
launch_simulation
launch_simulation -mode post-synthesis -type functional
close_design
launch_simulation
reset_run synth_1
launch_runs synth_1
wait_on_run synth_1
launch_simulation
launch_simulation
launch_simulation
launch_simulation
