#-----------------------------------------------------------
# Vivado v2019.1 (64-bit)
# SW Build 2552052 on Fri May 24 14:49:42 MDT 2019
# IP Build 2548770 on Fri May 24 18:01:18 MDT 2019
# Start of session at: Mon Nov 11 21:58:08 2019
# Process ID: 8620
# Current directory: D:/Users/Julian/Documents/UCSC Year THREE/CSE 100/Lab 6/Lab6
# Command line: vivado.exe -gui_launcher_event rodinguilauncherevent7840 D:\Users\Julian\Documents\UCSC Year THREE\CSE 100\Lab 6\Lab6\Lab6.xpr
# Log file: D:/Users/Julian/Documents/UCSC Year THREE/CSE 100/Lab 6/Lab6/vivado.log
# Journal file: D:/Users/Julian/Documents/UCSC Year THREE/CSE 100/Lab 6/Lab6\vivado.jou
#-----------------------------------------------------------
start_gui
open_project {D:/Users/Julian/Documents/UCSC Year THREE/CSE 100/Lab 6/Lab6/Lab6.xpr}
update_compile_order -fileset sources_1
launch_simulation
source stateTest.tcl
relaunch_sim
relaunch_sim
relaunch_sim
run 2 us
relaunch_sim
run 2 us
relaunch_sim
run 3 us
relaunch_sim
run 3 us
add_bp {D:/Users/Julian/Documents/UCSC Year THREE/CSE 100/Lab 6/Lab6/Lab6.srcs/sources_1/new/stateMachine.v} 61
remove_bps -file {D:/Users/Julian/Documents/UCSC Year THREE/CSE 100/Lab 6/Lab6/Lab6.srcs/sources_1/new/stateMachine.v} -line 61
relaunch_sim
run 3 us
close [ open {D:/Users/Julian/Documents/UCSC Year THREE/CSE 100/Lab 6/Lab6/Lab6.srcs/sources_1/new/toppo.v} w ]
add_files {{D:/Users/Julian/Documents/UCSC Year THREE/CSE 100/Lab 6/Lab6/Lab6.srcs/sources_1/new/toppo.v}}
update_compile_order -fileset sources_1
# Disabling source management mode.  This is to allow the top design properties to be set without GUI intervention.
set_property source_mgmt_mode None [current_project]
set_property top toppo [current_fileset]
# Re-enabling previously disabled source management mode.
set_property source_mgmt_mode All [current_project]
update_compile_order -fileset sources_1
add_files -norecurse {{D:/Users/Julian/Documents/UCSC Year THREE/CSE 100/Lab 6/Lab6/lab6_clks.v}}
update_compile_order -fileset sources_1
update_compile_order -fileset sources_1
